gembase_name	orig_name	to_annotate	gsize	nb_conts	L90
WOLB.0323.00001	Wolbachia/tmp_files/GCF_004171285.1_ASM417128v1_genomic.fna_prepare-split5N.fna	Wolbachia/tmp_files/GCF_004171285.1_ASM417128v1_genomic.fna_prepare-split5N.fna	1484007	1	1
WOLB.0323.00002	Wolbachia/tmp_files/GCF_947250635.1_ilParStra1.Wolbachia_sp_1.1_genomic.fna_prepare-split5N.fna	Wolbachia/tmp_files/GCF_947250635.1_ilParStra1.Wolbachia_sp_1.1_genomic.fna_prepare-split5N.fna	1545408	1	1
WOLB.0323.00003	Wolbachia/tmp_files/GCF_947251725.1_iyTipFemo1.Wolbachia_sp_1.1_genomic.fna_prepare-split5N.fna	Wolbachia/tmp_files/GCF_947251725.1_iyTipFemo1.Wolbachia_sp_1.1_genomic.fna_prepare-split5N.fna	1330165	1	1
WOLB.0323.00004	Wolbachia/tmp_files/GCF_947250815.1_ilPolCalb1.Wolbachia_sp_1.1_genomic.fna_prepare-split5N.fna	Wolbachia/tmp_files/GCF_947250815.1_ilPolCalb1.Wolbachia_sp_1.1_genomic.fna_prepare-split5N.fna	1381694	1	1
WOLB.0323.00005	Wolbachia/tmp_files/GCF_947251765.1_iyAndDors1.Wolbachia_sp_1.1_genomic.fna_prepare-split5N.fna	Wolbachia/tmp_files/GCF_947251765.1_iyAndDors1.Wolbachia_sp_1.1_genomic.fna_prepare-split5N.fna	1366844	1	1
WOLB.0323.00006	Wolbachia/tmp_files/GCF_000376585.1_ASM37658v1_genomic.fna_prepare-split5N.fna	Wolbachia/tmp_files/GCF_000376585.1_ASM37658v1_genomic.fna_prepare-split5N.fna	1301823	1	1
WOLB.0323.00007	Wolbachia/tmp_files/GCF_947250555.1_ilPanCory1.Wolbachia_sp_1.1_genomic.fna_prepare-split5N.fna	Wolbachia/tmp_files/GCF_947250555.1_ilPanCory1.Wolbachia_sp_1.1_genomic.fna_prepare-split5N.fna	1510263	1	1
WOLB.0323.00008	Wolbachia/tmp_files/GCF_947250645.1_ilEucCana1.Wolbachia_sp_1.1_genomic.fna_prepare-split5N.fna	Wolbachia/tmp_files/GCF_947250645.1_ilEucCana1.Wolbachia_sp_1.1_genomic.fna_prepare-split5N.fna	1407591	1	1
WOLB.0323.00009	Wolbachia/tmp_files/GCF_017896265.1_ASM1789626v1_genomic.fna_prepare-split5N.fna	Wolbachia/tmp_files/GCF_017896265.1_ASM1789626v1_genomic.fna_prepare-split5N.fna	1267763	1	1
WOLB.0323.00010	Wolbachia/tmp_files/GCF_947251825.1_ilCamBiln1.Wolbachia_sp_1.1_genomic.fna_prepare-split5N.fna	Wolbachia/tmp_files/GCF_947251825.1_ilCamBiln1.Wolbachia_sp_1.1_genomic.fna_prepare-split5N.fna	1668205	1	1
WOLB.0323.00011	Wolbachia/tmp_files/GCF_947251505.1_ilThySylv1.Wolbachia_sp_1.1_genomic.fna_prepare-split5N.fna	Wolbachia/tmp_files/GCF_947251505.1_ilThySylv1.Wolbachia_sp_1.1_genomic.fna_prepare-split5N.fna	1286255	1	1
WOLB.0323.00012	Wolbachia/tmp_files/GCF_947250725.1_ilParAegt1.Wolbachia_sp_1.1_genomic.fna_prepare-split5N.fna	Wolbachia/tmp_files/GCF_947250725.1_ilParAegt1.Wolbachia_sp_1.1_genomic.fna_prepare-split5N.fna	1332905	1	1
WOLB.0323.00013	Wolbachia/tmp_files/GCF_947251555.1_iyMacEuro1.Wolbachia_sp_1.1_genomic.fna_prepare-split5N.fna	Wolbachia/tmp_files/GCF_947251555.1_iyMacEuro1.Wolbachia_sp_1.1_genomic.fna_prepare-split5N.fna	1439111	1	1
WOLB.0323.00014	Wolbachia/tmp_files/GCF_947250705.1_ilArcPodn1.Wolbachia_sp_1.1_genomic.fna_prepare-split5N.fna	Wolbachia/tmp_files/GCF_947250705.1_ilArcPodn1.Wolbachia_sp_1.1_genomic.fna_prepare-split5N.fna	1806406	1	1
WOLB.0323.00015	Wolbachia/tmp_files/GCF_947250505.1_ilPhaBuce1.Wolbachia_sp_1.1_genomic.fna_prepare-split5N.fna	Wolbachia/tmp_files/GCF_947250505.1_ilPhaBuce1.Wolbachia_sp_1.1_genomic.fna_prepare-split5N.fna	1271809	1	1
WOLB.0323.00016	Wolbachia/tmp_files/GCF_947250805.1_ilEndFlam1.Wolbachia_sp_1.1_genomic.fna_prepare-split5N.fna	Wolbachia/tmp_files/GCF_947250805.1_ilEndFlam1.Wolbachia_sp_1.1_genomic.fna_prepare-split5N.fna	1691858	1	1
WOLB.0323.00017	Wolbachia/tmp_files/GCF_947250675.1_ilXesCnig1.Wolbachia_sp_1.1_genomic.fna_prepare-split5N.fna	Wolbachia/tmp_files/GCF_947250675.1_ilXesCnig1.Wolbachia_sp_1.1_genomic.fna_prepare-split5N.fna	1372377	1	1
WOLB.0323.00018	Wolbachia/tmp_files/GCF_947251845.1_iyAthCord1.Wolbachia_sp_1.1_genomic.fna_prepare-split5N.fna	Wolbachia/tmp_files/GCF_947251845.1_iyAthCord1.Wolbachia_sp_1.1_genomic.fna_prepare-split5N.fna	1345841	1	1
WOLB.0323.00019	Wolbachia/tmp_files/GCF_023559145.1_ASM2355914v1_genomic.fna_prepare-split5N.fna	Wolbachia/tmp_files/GCF_023559145.1_ASM2355914v1_genomic.fna_prepare-split5N.fna	1320340	1	1
WOLB.0323.00020	Wolbachia/tmp_files/GCF_947250695.1_idEupLati1.Wolbachia_sp_1.1_genomic.fna_prepare-split5N.fna	Wolbachia/tmp_files/GCF_947250695.1_idEupLati1.Wolbachia_sp_1.1_genomic.fna_prepare-split5N.fna	1274269	1	1
WOLB.0323.00021	Wolbachia/tmp_files/GCF_947250515.1_ilCatPine1.Wolbachia_sp_1.1_genomic.fna_prepare-split5N.fna	Wolbachia/tmp_files/GCF_947250515.1_ilCatPine1.Wolbachia_sp_1.1_genomic.fna_prepare-split5N.fna	1667356	1	1
WOLB.0323.00022	Wolbachia/tmp_files/GCF_013365475.1_ASM1336547v1_genomic.fna_prepare-split5N.fna	Wolbachia/tmp_files/GCF_013365475.1_ASM1336547v1_genomic.fna_prepare-split5N.fna	863988	1	1
WOLB.0323.00023	Wolbachia/tmp_files/GCF_947251465.1_idMelMell2.Wolbachia_sp_1.1_genomic.fna_prepare-split5N.fna	Wolbachia/tmp_files/GCF_947251465.1_idMelMell2.Wolbachia_sp_1.1_genomic.fna_prepare-split5N.fna	1875946	1	1
WOLB.0323.00024	Wolbachia/tmp_files/GCF_947251585.1_ioIscEleg1.Wolbachia_sp_1.1_genomic.fna_prepare-split5N.fna	Wolbachia/tmp_files/GCF_947251585.1_ioIscEleg1.Wolbachia_sp_1.1_genomic.fna_prepare-split5N.fna	2192297	1	1
WOLB.0323.00025	Wolbachia/tmp_files/GCF_018491625.2_ASM1849162v2_genomic.fna_prepare-split5N.fna	Wolbachia/tmp_files/GCF_018491625.2_ASM1849162v2_genomic.fna_prepare-split5N.fna	1121812	1	1
WOLB.0323.00026	Wolbachia/tmp_files/GCF_008033215.1_ASM803321v1_genomic.fna_prepare-split5N.fna	Wolbachia/tmp_files/GCF_008033215.1_ASM803321v1_genomic.fna_prepare-split5N.fna	1401460	1	1
WOLB.0323.00027	Wolbachia/tmp_files/GCF_947251675.1_idMerWest1.Wolbachia_sp_1.1_genomic.fna_prepare-split5N.fna	Wolbachia/tmp_files/GCF_947251675.1_idMerWest1.Wolbachia_sp_1.1_genomic.fna_prepare-split5N.fna	1295457	1	1
WOLB.0323.00028	Wolbachia/tmp_files/GCF_000022285.1_ASM2228v1_genomic.fna_prepare-split5N.fna	Wolbachia/tmp_files/GCF_000022285.1_ASM2228v1_genomic.fna_prepare-split5N.fna	1445873	1	1
WOLB.0323.00029	Wolbachia/tmp_files/GCF_947250785.1_iyAncNigr1.Wolbachia_sp_1.1_genomic.fna_prepare-split5N.fna	Wolbachia/tmp_files/GCF_947250785.1_iyAncNigr1.Wolbachia_sp_1.1_genomic.fna_prepare-split5N.fna	1265149	1	1
WOLB.0323.00030	Wolbachia/tmp_files/GCF_947250615.1_ilRhoNaev1.Wolbachia_sp_1.1_genomic.fna_prepare-split5N.fna	Wolbachia/tmp_files/GCF_947250615.1_ilRhoNaev1.Wolbachia_sp_1.1_genomic.fna_prepare-split5N.fna	1771989	1	1
WOLB.0323.00031	Wolbachia/tmp_files/GCF_018690035.1_ASM1869003v1_genomic.fna_prepare-split5N.fna	Wolbachia/tmp_files/GCF_018690035.1_ASM1869003v1_genomic.fna_prepare-split5N.fna	1273535	1	1
WOLB.0323.00032	Wolbachia/tmp_files/GCF_947250745.1_ilPolIcar1.Wolbachia_sp_1.1_genomic.fna_prepare-split5N.fna	Wolbachia/tmp_files/GCF_947250745.1_ilPolIcar1.Wolbachia_sp_1.1_genomic.fna_prepare-split5N.fna	1574132	1	1
WOLB.0323.00033	Wolbachia/tmp_files/GCF_947251915.1_iyHylComm1.Wolbachia_sp_1.1_genomic.fna_prepare-split5N.fna	Wolbachia/tmp_files/GCF_947251915.1_iyHylComm1.Wolbachia_sp_1.1_genomic.fna_prepare-split5N.fna	1526905	1	1
WOLB.0323.00034	Wolbachia/tmp_files/GCF_947251515.1_idSicFerr1.Wolbachia_sp_1.1_genomic.fna_prepare-split5N.fna	Wolbachia/tmp_files/GCF_947251515.1_idSicFerr1.Wolbachia_sp_1.1_genomic.fna_prepare-split5N.fna	1273940	1	1
WOLB.0323.00035	Wolbachia/tmp_files/GCF_947251655.1_ilPheTrem1.Wolbachia_sp_1.1_genomic.fna_prepare-split5N.fna	Wolbachia/tmp_files/GCF_947251655.1_ilPheTrem1.Wolbachia_sp_1.1_genomic.fna_prepare-split5N.fna	1268782	1	1
WOLB.0323.00036	Wolbachia/tmp_files/GCF_017896305.1_ASM1789630v1_genomic.fna_prepare-split5N.fna	Wolbachia/tmp_files/GCF_017896305.1_ASM1789630v1_genomic.fna_prepare-split5N.fna	1267770	1	1
WOLB.0323.00037	Wolbachia/tmp_files/GCF_017896365.1_ASM1789636v1_genomic.fna_prepare-split5N.fna	Wolbachia/tmp_files/GCF_017896365.1_ASM1789636v1_genomic.fna_prepare-split5N.fna	1267801	1	1
WOLB.0323.00038	Wolbachia/tmp_files/GCF_017896325.1_ASM1789632v1_genomic.fna_prepare-split5N.fna	Wolbachia/tmp_files/GCF_017896325.1_ASM1789632v1_genomic.fna_prepare-split5N.fna	1267783	1	1
WOLB.0323.00039	Wolbachia/tmp_files/GCF_018141665.1_ASM1814166v1_genomic.fna_prepare-split5N.fna	Wolbachia/tmp_files/GCF_018141665.1_ASM1814166v1_genomic.fna_prepare-split5N.fna	1339720	1	1
WOLB.0323.00040	Wolbachia/tmp_files/GCF_947251565.1_ilPheGnom1.Wolbachia_sp_1.1_genomic.fna_prepare-split5N.fna	Wolbachia/tmp_files/GCF_947251565.1_ilPheGnom1.Wolbachia_sp_1.1_genomic.fna_prepare-split5N.fna	1353731	1	1
WOLB.0323.00041	Wolbachia/tmp_files/GCF_013458815.1_ASM1345881v1_genomic.fna_prepare-split5N.fna	Wolbachia/tmp_files/GCF_013458815.1_ASM1345881v1_genomic.fna_prepare-split5N.fna	1656288	1	1
WOLB.0323.00042	Wolbachia/tmp_files/GCF_947250535.1_ilEupAuri1.Wolbachia_sp_1.1_genomic.fna_prepare-split5N.fna	Wolbachia/tmp_files/GCF_947250535.1_ilEupAuri1.Wolbachia_sp_1.1_genomic.fna_prepare-split5N.fna	1802477	1	1
WOLB.0323.00043	Wolbachia/tmp_files/GCF_947251735.1_ilEndFlam1.Wolbachia_sp_2.1_genomic.fna_prepare-split5N.fna	Wolbachia/tmp_files/GCF_947251735.1_ilEndFlam1.Wolbachia_sp_2.1_genomic.fna_prepare-split5N.fna	1747616	1	1
WOLB.0323.00044	Wolbachia/tmp_files/GCF_947251575.1_ilYpoPlub1.Wolbachia_sp_1.1_genomic.fna_prepare-split5N.fna	Wolbachia/tmp_files/GCF_947251575.1_ilYpoPlub1.Wolbachia_sp_1.1_genomic.fna_prepare-split5N.fna	1418562	1	1
WOLB.0323.00045	Wolbachia/tmp_files/GCF_009732755.1_ASM973275v1_genomic.fna_prepare-split5N.fna	Wolbachia/tmp_files/GCF_009732755.1_ASM973275v1_genomic.fna_prepare-split5N.fna	1352354	1	1
WOLB.0323.00046	Wolbachia/tmp_files/GCF_018467115.1_ASM1846711v1_genomic.fna_prepare-split5N.fna	Wolbachia/tmp_files/GCF_018467115.1_ASM1846711v1_genomic.fna_prepare-split5N.fna	1394392	1	1
WOLB.0323.00047	Wolbachia/tmp_files/GCF_947250625.1_idCheSoro1.Wolbachia_sp_1.1_genomic.fna_prepare-split5N.fna	Wolbachia/tmp_files/GCF_947250625.1_idCheSoro1.Wolbachia_sp_1.1_genomic.fna_prepare-split5N.fna	1368130	1	1
WOLB.0323.00048	Wolbachia/tmp_files/GCF_947251795.1_iyAnoNige1.Wolbachia_sp_1.1_genomic.fna_prepare-split5N.fna	Wolbachia/tmp_files/GCF_947251795.1_iyAnoNige1.Wolbachia_sp_1.1_genomic.fna_prepare-split5N.fna	1345805	1	1
WOLB.0323.00049	Wolbachia/tmp_files/GCF_947251935.1_ilCalPalu1.Wolbachia_sp_1.1_genomic.fna_prepare-split5N.fna	Wolbachia/tmp_files/GCF_947251935.1_ilCalPalu1.Wolbachia_sp_1.1_genomic.fna_prepare-split5N.fna	1594315	1	1
WOLB.0323.00050	Wolbachia/tmp_files/GCF_947251615.1_icApoCory1.Wolbachia_sp_1.1_genomic.fna_prepare-split5N.fna	Wolbachia/tmp_files/GCF_947251615.1_icApoCory1.Wolbachia_sp_1.1_genomic.fna_prepare-split5N.fna	1535196	1	1
WOLB.0323.00051	Wolbachia/tmp_files/GCF_017896345.1_ASM1789634v1_genomic.fna_prepare-split5N.fna	Wolbachia/tmp_files/GCF_017896345.1_ASM1789634v1_genomic.fna_prepare-split5N.fna	1267783	1	1
WOLB.0323.00052	Wolbachia/tmp_files/GCF_021378375.1_ASM2137837v1_genomic.fna_prepare-split5N.fna	Wolbachia/tmp_files/GCF_021378375.1_ASM2137837v1_genomic.fna_prepare-split5N.fna	1290587	1	1
WOLB.0323.00053	Wolbachia/tmp_files/GCF_947250685.1_iySphMoni1.Wolbachia_sp_1.1_genomic.fna_prepare-split5N.fna	Wolbachia/tmp_files/GCF_947250685.1_iySphMoni1.Wolbachia_sp_1.1_genomic.fna_prepare-split5N.fna	1359653	1	1
WOLB.0323.00054	Wolbachia/tmp_files/GCF_017869285.1_ASM1786928v1_genomic.fna_prepare-split5N.fna	Wolbachia/tmp_files/GCF_017869285.1_ASM1786928v1_genomic.fna_prepare-split5N.fna	1278697	1	1
WOLB.0323.00055	Wolbachia/tmp_files/GCF_947250795.1_iyNomFabr1.Wolbachia_sp_1.1_genomic.fna_prepare-split5N.fna	Wolbachia/tmp_files/GCF_947250795.1_iyNomFabr1.Wolbachia_sp_1.1_genomic.fna_prepare-split5N.fna	1438975	1	1
WOLB.0323.00056	Wolbachia/tmp_files/GCF_947250605.1_ilPyrMalv3.Wolbachia_sp_1.1_genomic.fna_prepare-split5N.fna	Wolbachia/tmp_files/GCF_947250605.1_ilPyrMalv3.Wolbachia_sp_1.1_genomic.fna_prepare-split5N.fna	1544873	1	1
WOLB.0323.00057	Wolbachia/tmp_files/GCF_918697765.1_Wolbachia_Phyllotreta_cruciferaeV1_genomic.fna_prepare-split5N.fna	Wolbachia/tmp_files/GCF_918697765.1_Wolbachia_Phyllotreta_cruciferaeV1_genomic.fna_prepare-split5N.fna	1795892	1	1
WOLB.0323.00058	Wolbachia/tmp_files/GCF_021496215.1_ASM2149621v1_genomic.fna_prepare-split5N.fna	Wolbachia/tmp_files/GCF_021496215.1_ASM2149621v1_genomic.fna_prepare-split5N.fna	1267784	1	1
WOLB.0323.00059	Wolbachia/tmp_files/GCF_025021925.1_ASM2502192v1_genomic.fna_prepare-split5N.fna	Wolbachia/tmp_files/GCF_025021925.1_ASM2502192v1_genomic.fna_prepare-split5N.fna	553558	1	1
WOLB.0323.00060	Wolbachia/tmp_files/GCF_025617515.1_ASM2561751v1_genomic.fna_prepare-split5N.fna	Wolbachia/tmp_files/GCF_025617515.1_ASM2561751v1_genomic.fna_prepare-split5N.fna	1728764	1	1
WOLB.0323.00061	Wolbachia/tmp_files/GCF_016584375.1_ASM1658437v1_genomic.fna_prepare-split5N.fna	Wolbachia/tmp_files/GCF_016584375.1_ASM1658437v1_genomic.fna_prepare-split5N.fna	1246905	1	1
WOLB.0323.00062	Wolbachia/tmp_files/GCF_016584325.1_ASM1658432v1_genomic.fna_prepare-split5N.fna	Wolbachia/tmp_files/GCF_016584325.1_ASM1658432v1_genomic.fna_prepare-split5N.fna	1330657	1	1
WOLB.0323.00063	Wolbachia/tmp_files/GCF_947251425.1_idProAzur1.Wolbachia_sp_1.1_genomic.fna_prepare-split5N.fna	Wolbachia/tmp_files/GCF_947251425.1_idProAzur1.Wolbachia_sp_1.1_genomic.fna_prepare-split5N.fna	1434285	1	1
WOLB.0323.00064	Wolbachia/tmp_files/GCF_947250475.1_ilApoBetu1.Wolbachia_sp_1.1_genomic.fna_prepare-split5N.fna	Wolbachia/tmp_files/GCF_947250475.1_ilApoBetu1.Wolbachia_sp_1.1_genomic.fna_prepare-split5N.fna	1635810	1	1
WOLB.0323.00065	Wolbachia/tmp_files/GCF_021496195.1_ASM2149619v1_genomic.fna_prepare-split5N.fna	Wolbachia/tmp_files/GCF_021496195.1_ASM2149619v1_genomic.fna_prepare-split5N.fna	1267786	1	1
WOLB.0323.00066	Wolbachia/tmp_files/GCF_017604245.1_ASM1760424v1_genomic.fna_prepare-split5N.fna	Wolbachia/tmp_files/GCF_017604245.1_ASM1760424v1_genomic.fna_prepare-split5N.fna	1538351	1	1
WOLB.0323.00067	Wolbachia/tmp_files/GCF_947250765.1_idGymRotn1.Wolbachia_sp_1.1_genomic.fna_prepare-split5N.fna	Wolbachia/tmp_files/GCF_947250765.1_idGymRotn1.Wolbachia_sp_1.1_genomic.fna_prepare-split5N.fna	1431527	1	1
WOLB.0323.00068	Wolbachia/tmp_files/GCF_947250525.1_ilColCroc2.Wolbachia_sp_1.1_genomic.fna_prepare-split5N.fna	Wolbachia/tmp_files/GCF_947250525.1_ilColCroc2.Wolbachia_sp_1.1_genomic.fna_prepare-split5N.fna	1396841	1	1
WOLB.0323.00069	Wolbachia/tmp_files/GCF_947251635.1_ihIcePurc2.Wolbachia_sp_1.1_genomic.fna_prepare-split5N.fna	Wolbachia/tmp_files/GCF_947251635.1_ihIcePurc2.Wolbachia_sp_1.1_genomic.fna_prepare-split5N.fna	1372034	1	1
WOLB.0323.00070	Wolbachia/tmp_files/GCF_947250755.1_ilAgrStra1.Wolbachia_sp_1.1_genomic.fna_prepare-split5N.fna	Wolbachia/tmp_files/GCF_947250755.1_ilAgrStra1.Wolbachia_sp_1.1_genomic.fna_prepare-split5N.fna	1856316	1	1
WOLB.0323.00071	Wolbachia/tmp_files/GCF_001931755.2_ASM193175v2_genomic.fna_prepare-split5N.fna	Wolbachia/tmp_files/GCF_001931755.2_ASM193175v2_genomic.fna_prepare-split5N.fna	1801626	1	1
WOLB.0323.00072	Wolbachia/tmp_files/GCF_016584355.1_ASM1658435v1_genomic.fna_prepare-split5N.fna	Wolbachia/tmp_files/GCF_016584355.1_ASM1658435v1_genomic.fna_prepare-split5N.fna	1330657	1	1
WOLB.0323.00073	Wolbachia/tmp_files/GCF_007972745.1_ASM797274v1_genomic.fna_prepare-split5N.fna	Wolbachia/tmp_files/GCF_007972745.1_ASM797274v1_genomic.fna_prepare-split5N.fna	1267436	1	1
WOLB.0323.00074	Wolbachia/tmp_files/GCF_019355355.1_ASM1935535v1_genomic.fna_prepare-split5N.fna	Wolbachia/tmp_files/GCF_019355355.1_ASM1935535v1_genomic.fna_prepare-split5N.fna	1528786	1	1
WOLB.0323.00075	Wolbachia/tmp_files/GCF_006542295.1_ASM654229v1_genomic.fna_prepare-split5N.fna	Wolbachia/tmp_files/GCF_006542295.1_ASM654229v1_genomic.fna_prepare-split5N.fna	1449344	1	1
WOLB.0323.00076	Wolbachia/tmp_files/GCF_947251945.1_iyLasLatv2.Wolbachia_sp_1.1_genomic.fna_prepare-split5N.fna	Wolbachia/tmp_files/GCF_947251945.1_iyLasLatv2.Wolbachia_sp_1.1_genomic.fna_prepare-split5N.fna	1306351	1	1
WOLB.0323.00077	Wolbachia/tmp_files/GCF_947251685.1_iyAndDors1.Wolbachia_sp_2.1_genomic.fna_prepare-split5N.fna	Wolbachia/tmp_files/GCF_947251685.1_iyAndDors1.Wolbachia_sp_2.1_genomic.fna_prepare-split5N.fna	1533661	1	1
WOLB.0323.00078	Wolbachia/tmp_files/GCF_000376605.1_ASM37660v1_genomic.fna_prepare-split5N.fna	Wolbachia/tmp_files/GCF_000376605.1_ASM37660v1_genomic.fna_prepare-split5N.fna	1295804	1	1
WOLB.0323.00079	Wolbachia/tmp_files/GCF_026015925.1_ASM2601592v1_genomic.fna_prepare-split5N.fna	Wolbachia/tmp_files/GCF_026015925.1_ASM2601592v1_genomic.fna_prepare-split5N.fna	1308415	1	1
WOLB.0323.00080	Wolbachia/tmp_files/GCF_947250775.1_icRhiConi1.Wolbachia_sp_1.1_genomic.fna_prepare-split5N.fna	Wolbachia/tmp_files/GCF_947250775.1_icRhiConi1.Wolbachia_sp_1.1_genomic.fna_prepare-split5N.fna	1703908	1	1
WOLB.0323.00081	Wolbachia/tmp_files/GCF_000008385.1_ASM838v1_genomic.fna_prepare-split5N.fna	Wolbachia/tmp_files/GCF_000008385.1_ASM838v1_genomic.fna_prepare-split5N.fna	1080084	1	1
WOLB.0323.00082	Wolbachia/tmp_files/GCF_947250565.1_iyAndHaem1.Wolbachia_sp_1.1_genomic.fna_prepare-split5N.fna	Wolbachia/tmp_files/GCF_947250565.1_iyAndHaem1.Wolbachia_sp_1.1_genomic.fna_prepare-split5N.fna	1494005	1	1
WOLB.0323.00083	Wolbachia/tmp_files/GCF_021496175.1_ASM2149617v1_genomic.fna_prepare-split5N.fna	Wolbachia/tmp_files/GCF_021496175.1_ASM2149617v1_genomic.fna_prepare-split5N.fna	1267786	1	1
WOLB.0323.00084	Wolbachia/tmp_files/GCF_947251535.1_ilPhaBuce1.Wolbachia_sp_3.1_genomic.fna_prepare-split5N.fna	Wolbachia/tmp_files/GCF_947251535.1_ilPhaBuce1.Wolbachia_sp_3.1_genomic.fna_prepare-split5N.fna	1462992	1	1
WOLB.0323.00085	Wolbachia/tmp_files/GCF_012030695.1_ASM1203069v1_genomic.fna_prepare-split5N.fna	Wolbachia/tmp_files/GCF_012030695.1_ASM1203069v1_genomic.fna_prepare-split5N.fna	1072967	1	1
WOLB.0323.00086	Wolbachia/tmp_files/GCF_000008025.1_ASM802v1_genomic.fna_prepare-split5N.fna	Wolbachia/tmp_files/GCF_000008025.1_ASM802v1_genomic.fna_prepare-split5N.fna	1267782	1	1
WOLB.0323.00087	Wolbachia/tmp_files/GCF_947251705.1_iyLasMori1.Wolbachia_sp_2.1_genomic.fna_prepare-split5N.fna	Wolbachia/tmp_files/GCF_947251705.1_iyLasMori1.Wolbachia_sp_2.1_genomic.fna_prepare-split5N.fna	1270693	1	1
WOLB.0323.00088	Wolbachia/tmp_files/GCF_947251805.1_ilCelArgi3.Wolbachia_sp_1.1_genomic.fna_prepare-split5N.fna	Wolbachia/tmp_files/GCF_947251805.1_ilCelArgi3.Wolbachia_sp_1.1_genomic.fna_prepare-split5N.fna	1329046	1	1
WOLB.0323.00089	Wolbachia/tmp_files/GCF_947250665.1_idVolInfl1.Wolbachia_sp_1.1_genomic.fna_prepare-split5N.fna	Wolbachia/tmp_files/GCF_947250665.1_idVolInfl1.Wolbachia_sp_1.1_genomic.fna_prepare-split5N.fna	1502844	1	1
WOLB.0323.00090	Wolbachia/tmp_files/GCF_947250465.1_ilPolCalb1.Wolbachia_sp_2.1_genomic.fna_prepare-split5N.fna	Wolbachia/tmp_files/GCF_947250465.1_ilPolCalb1.Wolbachia_sp_2.1_genomic.fna_prepare-split5N.fna	1236246	1	1
WOLB.0323.00091	Wolbachia/tmp_files/GCF_947251665.1_iyTryClav1.Wolbachia_sp_1.1_genomic.fna_prepare-split5N.fna	Wolbachia/tmp_files/GCF_947251665.1_iyTryClav1.Wolbachia_sp_1.1_genomic.fna_prepare-split5N.fna	1287268	1	1
WOLB.0323.00092	Wolbachia/tmp_files/GCF_947251595.1_ilEupTrip1.Wolbachia_sp_1.1_genomic.fna_prepare-split5N.fna	Wolbachia/tmp_files/GCF_947251595.1_ilEupTrip1.Wolbachia_sp_1.1_genomic.fna_prepare-split5N.fna	1478719	1	1
WOLB.0323.00093	Wolbachia/tmp_files/GCF_947251815.1_iqChoPara1.Wolbachia_sp_1.1_genomic.fna_prepare-split5N.fna	Wolbachia/tmp_files/GCF_947251815.1_iqChoPara1.Wolbachia_sp_1.1_genomic.fna_prepare-split5N.fna	1748465	1	1
WOLB.0323.00094	Wolbachia/tmp_files/GCF_947251435.1_idEpiGros1.Wolbachia_sp_2.1_genomic.fna_prepare-split5N.fna	Wolbachia/tmp_files/GCF_947251435.1_idEpiGros1.Wolbachia_sp_2.1_genomic.fna_prepare-split5N.fna	1367569	1	1
WOLB.0323.00095	Wolbachia/tmp_files/GCF_947250015.1_idAcrOrbc1.Wolbachia_sp_1.1_genomic.fna_prepare-split5N.fna	Wolbachia/tmp_files/GCF_947250015.1_idAcrOrbc1.Wolbachia_sp_1.1_genomic.fna_prepare-split5N.fna	1383045	1	1
WOLB.0323.00096	Wolbachia/tmp_files/GCF_019355235.1_ASM1935523v1_genomic.fna_prepare-split5N.fna	Wolbachia/tmp_files/GCF_019355235.1_ASM1935523v1_genomic.fna_prepare-split5N.fna	1515037	1	1
WOLB.0323.00097	Wolbachia/tmp_files/GCF_947250495.1_iyLasMori1.Wolbachia_sp_3.1_genomic.fna_prepare-split5N.fna	Wolbachia/tmp_files/GCF_947250495.1_iyLasMori1.Wolbachia_sp_3.1_genomic.fna_prepare-split5N.fna	1284394	1	1
WOLB.0323.00098	Wolbachia/tmp_files/GCF_947251955.1_idCorMarg1.Wolbachia_sp_1.1_genomic.fna_prepare-split5N.fna	Wolbachia/tmp_files/GCF_947251955.1_idCorMarg1.Wolbachia_sp_1.1_genomic.fna_prepare-split5N.fna	1387347	1	1
WOLB.0323.00099	Wolbachia/tmp_files/GCF_018690095.1_ASM1869009v1_genomic.fna_prepare-split5N.fna	Wolbachia/tmp_files/GCF_018690095.1_ASM1869009v1_genomic.fna_prepare-split5N.fna	1268455	1	1
WOLB.0323.00100	Wolbachia/tmp_files/GCF_947250655.1_ilWatBina1.Wolbachia_sp_1.1_genomic.fna_prepare-split5N.fna	Wolbachia/tmp_files/GCF_947250655.1_ilWatBina1.Wolbachia_sp_1.1_genomic.fna_prepare-split5N.fna	1651335	1	1
WOLB.0323.00101	Wolbachia/tmp_files/GCF_947251775.1_ilEpaGrot1.Wolbachia_sp_2.1_genomic.fna_prepare-split5N.fna	Wolbachia/tmp_files/GCF_947251775.1_ilEpaGrot1.Wolbachia_sp_2.1_genomic.fna_prepare-split5N.fna	1781589	1	1
WOLB.0323.00102	Wolbachia/tmp_files/GCF_018467135.1_ASM1846713v1_genomic.fna_prepare-split5N.fna	Wolbachia/tmp_files/GCF_018467135.1_ASM1846713v1_genomic.fna_prepare-split5N.fna	1409094	1	1
WOLB.0323.00103	Wolbachia/tmp_files/GCF_002374845.2_ASM237484v2_genomic.fna_prepare-split5N.fna	Wolbachia/tmp_files/GCF_002374845.2_ASM237484v2_genomic.fna_prepare-split5N.fna	1483853	1	1
WOLB.0323.00104	Wolbachia/tmp_files/GCF_947251975.1_ilHylFasc1.Wolbachia_sp_1.1_genomic.fna_prepare-split5N.fna	Wolbachia/tmp_files/GCF_947251975.1_ilHylFasc1.Wolbachia_sp_1.1_genomic.fna_prepare-split5N.fna	1307821	1	1
WOLB.0323.00105	Wolbachia/tmp_files/GCF_019665805.1_ASM1966580v1_genomic.fna_prepare-split5N.fna	Wolbachia/tmp_files/GCF_019665805.1_ASM1966580v1_genomic.fna_prepare-split5N.fna	1484007	1	1
WOLB.0323.00106	Wolbachia/tmp_files/GCF_004795975.1_ASM479597v1_genomic.fna_prepare-split5N.fna	Wolbachia/tmp_files/GCF_004795975.1_ASM479597v1_genomic.fna_prepare-split5N.fna	1273530	1	1
WOLB.0323.00107	Wolbachia/tmp_files/GCF_002379145.2_ASM237914v2_genomic.fna_prepare-split5N.fna	Wolbachia/tmp_files/GCF_002379145.2_ASM237914v2_genomic.fna_prepare-split5N.fna	1482279	1	1
WOLB.0323.00108	Wolbachia/tmp_files/GCF_012277295.1_ASM1227729v1_genomic.fna_prepare-split5N.fna	Wolbachia/tmp_files/GCF_012277295.1_ASM1227729v1_genomic.fna_prepare-split5N.fna	1495538	1	1
WOLB.0323.00109	Wolbachia/tmp_files/GCF_007972595.1_ASM797259v1_genomic.fna_prepare-split5N.fna	Wolbachia/tmp_files/GCF_007972595.1_ASM797259v1_genomic.fna_prepare-split5N.fna	1269137	1	1
WOLB.0323.00110	Wolbachia/tmp_files/GCF_947250715.1_ioSymStri1.Wolbachia_sp_1.1_genomic.fna_prepare-split5N.fna	Wolbachia/tmp_files/GCF_947250715.1_ioSymStri1.Wolbachia_sp_1.1_genomic.fna_prepare-split5N.fna	1516596	1	1
WOLB.0323.00111	Wolbachia/tmp_files/GCF_947251475.1_ilEpiAlte1.Wolbachia_sp_1.1_genomic.fna_prepare-split5N.fna	Wolbachia/tmp_files/GCF_947251475.1_ilEpiAlte1.Wolbachia_sp_1.1_genomic.fna_prepare-split5N.fna	1197405	1	1
WOLB.0323.00112	Wolbachia/tmp_files/GCF_947251745.1_ilEpaGrot1.Wolbachia_sp_1.1_genomic.fna_prepare-split5N.fna	Wolbachia/tmp_files/GCF_947251745.1_ilEpaGrot1.Wolbachia_sp_1.1_genomic.fna_prepare-split5N.fna	1431998	1	1
WOLB.0323.00113	Wolbachia/tmp_files/GCF_021496155.1_ASM2149615v1_genomic.fna_prepare-split5N.fna	Wolbachia/tmp_files/GCF_021496155.1_ASM2149615v1_genomic.fna_prepare-split5N.fna	1267786	1	1
WOLB.0323.00114	Wolbachia/tmp_files/GCF_017896285.1_ASM1789628v1_genomic.fna_prepare-split5N.fna	Wolbachia/tmp_files/GCF_017896285.1_ASM1789628v1_genomic.fna_prepare-split5N.fna	1267775	1	1
WOLB.0323.00115	Wolbachia/tmp_files/GCF_016584405.1_ASM1658440v1_genomic.fna_prepare-split5N.fna	Wolbachia/tmp_files/GCF_016584405.1_ASM1658440v1_genomic.fna_prepare-split5N.fna	1267843	1	1
WOLB.0323.00116	Wolbachia/tmp_files/GCF_947250585.1_iyLasMori1.Wolbachia_sp_1.1_genomic.fna_prepare-split5N.fna	Wolbachia/tmp_files/GCF_947250585.1_iyLasMori1.Wolbachia_sp_1.1_genomic.fna_prepare-split5N.fna	1282687	1	1
WOLB.0323.00117	Wolbachia/tmp_files/GCF_947251755.1_icPhiCogn1.Wolbachia_sp_1.1_genomic.fna_prepare-split5N.fna	Wolbachia/tmp_files/GCF_947251755.1_icPhiCogn1.Wolbachia_sp_1.1_genomic.fna_prepare-split5N.fna	1811323	1	1
WOLB.0323.00118	Wolbachia/tmp_files/GCF_947251495.1_ilPamFasc1.Wolbachia_sp_1.1_genomic.fna_prepare-split5N.fna	Wolbachia/tmp_files/GCF_947251495.1_ilPamFasc1.Wolbachia_sp_1.1_genomic.fna_prepare-split5N.fna	1266982	1	1
WOLB.0323.00119	Wolbachia/tmp_files/GCF_023559125.1_ASM2355912v1_genomic.fna_prepare-split5N.fna	Wolbachia/tmp_files/GCF_023559125.1_ASM2355912v1_genomic.fna_prepare-split5N.fna	1321828	1	1
WOLB.0323.00120	Wolbachia/tmp_files/GCF_019355375.1_ASM1935537v1_genomic.fna_prepare-split5N.fna	Wolbachia/tmp_files/GCF_019355375.1_ASM1935537v1_genomic.fna_prepare-split5N.fna	1515763	1	1
WOLB.0323.00121	Wolbachia/tmp_files/GCF_947250595.1_ilCamMarg1.Wolbachia_sp_1.1_genomic.fna_prepare-split5N.fna	Wolbachia/tmp_files/GCF_947250595.1_ilCamMarg1.Wolbachia_sp_1.1_genomic.fna_prepare-split5N.fna	1507681	1	1
WOLB.0323.00122	Wolbachia/tmp_files/GCF_947251865.1_idProAzur1.Wolbachia_sp_2.1_genomic.fna_prepare-split5N.fna	Wolbachia/tmp_files/GCF_947251865.1_idProAzur1.Wolbachia_sp_2.1_genomic.fna_prepare-split5N.fna	1550351	1	1
WOLB.0323.00123	Wolbachia/tmp_files/GCF_021497225.1_ASM2149722v1_genomic.fna_prepare-split5N.fna	Wolbachia/tmp_files/GCF_021497225.1_ASM2149722v1_genomic.fna_prepare-split5N.fna	1267782	1	1
WOLB.0323.00124	Wolbachia/tmp_files/GCF_000530755.1_W_O_volvulus_Cameroon_v3_genomic.fna_prepare-split5N.fna	Wolbachia/tmp_files/GCF_000530755.1_W_O_volvulus_Cameroon_v3_genomic.fna_prepare-split5N.fna	960618	1	1
WOLB.0323.00125	Wolbachia/tmp_files/GCF_947251525.1_ilCalPalu1.Wolbachia_sp_2.1_genomic.fna_prepare-split5N.fna	Wolbachia/tmp_files/GCF_947251525.1_ilCalPalu1.Wolbachia_sp_2.1_genomic.fna_prepare-split5N.fna	1378300	1	1
WOLB.0323.00126	Wolbachia/tmp_files/GCF_013365495.1_ASM1336549v1_genomic.fna_prepare-split5N.fna	Wolbachia/tmp_files/GCF_013365495.1_ASM1336549v1_genomic.fna_prepare-split5N.fna	863427	1	1
WOLB.0323.00127	Wolbachia/tmp_files/GCF_947251965.1_iySphMoni1.Wolbachia_sp_2.1_genomic.fna_prepare-split5N.fna	Wolbachia/tmp_files/GCF_947251965.1_iySphMoni1.Wolbachia_sp_2.1_genomic.fna_prepare-split5N.fna	1141922	1	1
WOLB.0323.00128	Wolbachia/tmp_files/GCF_947251835.1_ilApoTurb1.Wolbachia_sp_1.1_genomic.fna_prepare-split5N.fna	Wolbachia/tmp_files/GCF_947251835.1_ilApoTurb1.Wolbachia_sp_1.1_genomic.fna_prepare-split5N.fna	1525755	1	1
WOLB.0323.00129	Wolbachia/tmp_files/GCF_016584425.1_ASM1658442v1_genomic.fna_prepare-split5N.fna	Wolbachia/tmp_files/GCF_016584425.1_ASM1658442v1_genomic.fna_prepare-split5N.fna	1267783	1	1
WOLB.0323.00130	Wolbachia/tmp_files/GCF_947251895.1_idBomMajo1.Wolbachia_sp_1.1_genomic.fna_prepare-split5N.fna	Wolbachia/tmp_files/GCF_947251895.1_idBomMajo1.Wolbachia_sp_1.1_genomic.fna_prepare-split5N.fna	1556586	1	1
WOLB.0323.00131	Wolbachia/tmp_files/GCF_021609905.1_ASM2160990v1_genomic.fna_prepare-split5N.fna	Wolbachia/tmp_files/GCF_021609905.1_ASM2160990v1_genomic.fna_prepare-split5N.fna	1586584	1	1
WOLB.0323.00132	Wolbachia/tmp_files/GCF_947250575.1_idEpiBalt1.Wolbachia_sp_1.1_genomic.fna_prepare-split5N.fna	Wolbachia/tmp_files/GCF_947250575.1_idEpiBalt1.Wolbachia_sp_1.1_genomic.fna_prepare-split5N.fna	1402288	1	1
WOLB.0323.00133	Wolbachia/tmp_files/GCF_018491735.2_ASM1849173v2_genomic.fna_prepare-split5N.fna	Wolbachia/tmp_files/GCF_018491735.2_ASM1849173v2_genomic.fna_prepare-split5N.fna	1231247	1	1
WOLB.0323.00134	Wolbachia/tmp_files/GCF_021496235.1_ASM2149623v1_genomic.fna_prepare-split5N.fna	Wolbachia/tmp_files/GCF_021496235.1_ASM2149623v1_genomic.fna_prepare-split5N.fna	1267786	1	1
WOLB.0323.00135	Wolbachia/tmp_files/GCF_008245065.1_ASM824506v1_genomic.fna_prepare-split5N.fna	Wolbachia/tmp_files/GCF_008245065.1_ASM824506v1_genomic.fna_prepare-split5N.fna	1376868	1	1
WOLB.0323.00136	Wolbachia/tmp_files/GCF_947251925.1_idEpiGros1.Wolbachia_sp_1.1_genomic.fna_prepare-split5N.fna	Wolbachia/tmp_files/GCF_947251925.1_idEpiGros1.Wolbachia_sp_1.1_genomic.fna_prepare-split5N.fna	1483876	1	1
WOLB.0323.00137	Wolbachia/tmp_files/GCF_947251695.1_iyEctCont1.Wolbachia_sp_1.1_genomic.fna_prepare-split5N.fna	Wolbachia/tmp_files/GCF_947251695.1_iyEctCont1.Wolbachia_sp_1.1_genomic.fna_prepare-split5N.fna	1299221	1	1
WOLB.0323.00138	Wolbachia/tmp_files/GCF_947250545.1_ilEryTage1.Wolbachia_sp_1.1_genomic.fna_prepare-split5N.fna	Wolbachia/tmp_files/GCF_947250545.1_ilEryTage1.Wolbachia_sp_1.1_genomic.fna_prepare-split5N.fna	1532960	1	1
WOLB.0323.00139	Wolbachia/tmp_files/GCF_018689955.1_ASM1868995v1_genomic.fna_prepare-split5N.fna	Wolbachia/tmp_files/GCF_018689955.1_ASM1868995v1_genomic.fna_prepare-split5N.fna	1353394	1	1
WOLB.0323.00140	Wolbachia/tmp_files/GCF_004795935.1_ASM479593v1_genomic.fna_prepare-split5N.fna	Wolbachia/tmp_files/GCF_004795935.1_ASM479593v1_genomic.fna_prepare-split5N.fna	1080064	1	1
WOLB.0323.00141	Wolbachia/tmp_files/GCF_012277315.1_ASM1227731v1_genomic.fna_prepare-split5N.fna	Wolbachia/tmp_files/GCF_012277315.1_ASM1227731v1_genomic.fna_prepare-split5N.fna	1201647	1	1
WOLB.0323.00142	Wolbachia/tmp_files/GCF_947251605.1_ilEmmMono1.Wolbachia_sp_1.1_genomic.fna_prepare-split5N.fna	Wolbachia/tmp_files/GCF_947251605.1_ilEmmMono1.Wolbachia_sp_1.1_genomic.fna_prepare-split5N.fna	1385742	1	1
WOLB.0323.00143	Wolbachia/tmp_files/GCF_004795955.1_ASM479595v1_genomic.fna_prepare-split5N.fna	Wolbachia/tmp_files/GCF_004795955.1_ASM479595v1_genomic.fna_prepare-split5N.fna	1273527	1	1
WOLB.0323.00144	Wolbachia/tmp_files/GCF_947251485.1_iyScaNigr1.Wolbachia_sp_1.1_genomic.fna_prepare-split5N.fna	Wolbachia/tmp_files/GCF_947251485.1_iyScaNigr1.Wolbachia_sp_1.1_genomic.fna_prepare-split5N.fna	1150902	1	1
WOLB.0323.00145	Wolbachia/tmp_files/GCF_013365435.1_ASM1336543v1_genomic.fna_prepare-split5N.fna	Wolbachia/tmp_files/GCF_013365435.1_ASM1336543v1_genomic.fna_prepare-split5N.fna	1045802	1	1
WOLB.0323.00146	Wolbachia/tmp_files/GCF_936270145.1_WolOegibB_v1.0_genomic.fna_prepare-split5N.fna	Wolbachia/tmp_files/GCF_936270145.1_WolOegibB_v1.0_genomic.fna_prepare-split5N.fna	1551378	1	1
WOLB.0323.00147	Wolbachia/tmp_files/GCF_947250735.1_idSphTaen1.Wolbachia_sp_1.1_genomic.fna_prepare-split5N.fna	Wolbachia/tmp_files/GCF_947250735.1_idSphTaen1.Wolbachia_sp_1.1_genomic.fna_prepare-split5N.fna	1354582	1	1
WOLB.0323.00148	Wolbachia/tmp_files/GCF_947251545.1_idAnoPurm1.Wolbachia_sp_1.1_genomic.fna_prepare-split5N.fna	Wolbachia/tmp_files/GCF_947251545.1_idAnoPurm1.Wolbachia_sp_1.1_genomic.fna_prepare-split5N.fna	1485790	1	1
WOLB.0323.00149	Wolbachia/tmp_files/GCF_947251625.1_ilPhaBuce1.Wolbachia_sp_2.1_genomic.fna_prepare-split5N.fna	Wolbachia/tmp_files/GCF_947251625.1_ilPhaBuce1.Wolbachia_sp_2.1_genomic.fna_prepare-split5N.fna	1358027	1	1
WOLB.0323.00150	Wolbachia/tmp_files/GCF_017896245.1_ASM1789624v1_genomic.fna_prepare-split5N.fna	Wolbachia/tmp_files/GCF_017896245.1_ASM1789624v1_genomic.fna_prepare-split5N.fna	1267786	1	1
WOLB.0323.00151	Wolbachia/tmp_files/GCF_918342435.1_Wolbachia_endosymbiont_of_CSFBv1_genomic.fna_prepare-split5N.fna	Wolbachia/tmp_files/GCF_918342435.1_Wolbachia_endosymbiont_of_CSFBv1_genomic.fna_prepare-split5N.fna	1438854	1	1
WOLB.0323.00152	Wolbachia/tmp_files/GCF_000306885.1_ASM30688v1_genomic.fna_prepare-split5N.fna	Wolbachia/tmp_files/GCF_000306885.1_ASM30688v1_genomic.fna_prepare-split5N.fna	957990	1	1
WOLB.0323.00153	Wolbachia/tmp_files/GCF_947251875.1_ilLycPhla1.Wolbachia_sp_1.1_genomic.fna_prepare-split5N.fna	Wolbachia/tmp_files/GCF_947251875.1_ilLycPhla1.Wolbachia_sp_1.1_genomic.fna_prepare-split5N.fna	1312310	1	1
WOLB.0323.00154	Wolbachia/tmp_files/GCF_007971685.1_ASM797168v1_genomic.fna_prepare-split5N.fna	Wolbachia/tmp_files/GCF_007971685.1_ASM797168v1_genomic.fna_prepare-split5N.fna	1267781	1	1
WOLB.0323.00155	Wolbachia/tmp_files/GCF_947251645.1_idBibMarc1.Wolbachia_sp_1.1_genomic.fna_prepare-split5N.fna	Wolbachia/tmp_files/GCF_947251645.1_idBibMarc1.Wolbachia_sp_1.1_genomic.fna_prepare-split5N.fna	1355351	1	1
WOLB.0323.00156	Wolbachia/tmp_files/GCF_013365455.1_ASM1336545v1_genomic.fna_prepare-split5N.fna	Wolbachia/tmp_files/GCF_013365455.1_ASM1336545v1_genomic.fna_prepare-split5N.fna	920122	1	1
WOLB.0323.00157	Wolbachia/tmp_files/GCF_000829315.1_ASM82931v1_genomic.fna_prepare-split5N.fna	Wolbachia/tmp_files/GCF_000829315.1_ASM82931v1_genomic.fna_prepare-split5N.fna	1250060	1	1
WOLB.0323.00158	Wolbachia/tmp_files/GCF_020995475.1_ASM2099547v1_genomic.fna_prepare-split5N.fna	Wolbachia/tmp_files/GCF_020995475.1_ASM2099547v1_genomic.fna_prepare-split5N.fna	1381884	3	1
WOLB.0323.00159	Wolbachia/tmp_files/GCF_024804185.1_ASM2480418v1_genomic.fna_prepare-split5N.fna	Wolbachia/tmp_files/GCF_024804185.1_ASM2480418v1_genomic.fna_prepare-split5N.fna	1226577	3	1
